OpenJDK 64-Bit Server VM (24.95-b01) for linux-amd64 JRE (1.7.0_95-b00), built on Jan 21 2016 03:31:40 by "buildd" with gcc 4.8.4
Memory: 4k page, physical 4048216k(3574748k free), swap 0k(0k free)
CommandLine flags: -XX:+CMSClassUnloadingEnabled -XX:+CMSScavengeBeforeRemark -XX:+DisableExplicitGC -XX:InitialHeapSize=1073741824 -XX:+ManagementServer -XX:MaxHeapSize=1073741824 -XX:MaxNewSize=174485504 -XX:MaxTenuringThreshold=6 -XX:NewSize=174485504 -XX:OldPLABSize=16 -XX:OldSize=348971008 -XX:+PrintGC -XX:+PrintGCDateStamps -XX:+PrintGCDetails -XX:+PrintGCTimeStamps -XX:+UseCompressedOops -XX:+UseConcMarkSweepGC -XX:+UseParNewGC 
2016-04-15T01:49:03.795+0000: 8.618: [GC [1 CMS-initial-mark: 0K(878208K)] 73647K(1031552K), 0.0215480 secs] [Times: user=0.01 sys=0.01, real=0.02 secs] 
2016-04-15T01:49:03.818+0000: 8.640: [CMS-concurrent-mark-start]
2016-04-15T01:49:03.879+0000: 8.701: [CMS-concurrent-mark: 0.053/0.061 secs] [Times: user=0.08 sys=0.01, real=0.06 secs] 
2016-04-15T01:49:03.879+0000: 8.702: [CMS-concurrent-preclean-start]
2016-04-15T01:49:03.963+0000: 8.786: [CMS-concurrent-preclean: 0.060/0.084 secs] [Times: user=0.10 sys=0.01, real=0.08 secs] 
2016-04-15T01:49:03.963+0000: 8.786: [CMS-concurrent-abortable-preclean-start]
 CMS: abort preclean due to time 2016-04-15T01:49:09.021+0000: 13.844: [CMS-concurrent-abortable-preclean: 0.124/5.057 secs] [Times: user=0.25 sys=0.01, real=5.05 secs] 
2016-04-15T01:49:09.022+0000: 13.845: [GC[YG occupancy: 79107 K (153344 K)]2016-04-15T01:49:09.023+0000: 13.845: [GC2016-04-15T01:49:09.023+0000: 13.845: [ParNew: 79107K->8924K(153344K), 0.0473120 secs] 79107K->8924K(1031552K), 0.0479290 secs] [Times: user=0.07 sys=0.00, real=0.05 secs] 
2016-04-15T01:49:09.071+0000: 13.893: [Rescan (parallel) , 0.0162510 secs]2016-04-15T01:49:09.088+0000: 13.910: [weak refs processing, 0.0002720 secs]2016-04-15T01:49:09.088+0000: 13.910: [class unloading, 0.0012830 secs]2016-04-15T01:49:09.090+0000: 13.912: [scrub symbol table, 0.0032680 secs]2016-04-15T01:49:09.093+0000: 13.916: [scrub string table, 0.0004760 secs] [1 CMS-remark: 0K(878208K)] 8924K(1031552K), 0.0716590 secs] [Times: user=0.11 sys=0.01, real=0.08 secs] 
2016-04-15T01:49:09.097+0000: 13.919: [CMS-concurrent-sweep-start]
2016-04-15T01:49:09.103+0000: 13.925: [CMS-concurrent-sweep: 0.006/0.006 secs] [Times: user=0.01 sys=0.00, real=0.00 secs] 
2016-04-15T01:49:09.118+0000: 13.940: [CMS-concurrent-reset-start]
2016-04-15T01:49:09.143+0000: 13.966: [CMS-concurrent-reset: 0.021/0.025 secs] [Times: user=0.02 sys=0.02, real=0.03 secs] 
2016-04-15T01:54:56.061+0000: 360.884: [GC2016-04-15T01:54:56.062+0000: 360.884: [ParNew: 145244K->3266K(153344K), 0.1135300 secs] 145244K->5703K(1031552K), 0.1142690 secs] [Times: user=0.15 sys=0.01, real=0.13 secs] 
2016-04-15T01:55:53.955+0000: 418.777: [GC2016-04-15T01:55:53.955+0000: 418.777: [ParNew: 139586K->2059K(153344K), 0.0171750 secs] 142023K->4496K(1031552K), 0.0178640 secs] [Times: user=0.04 sys=0.00, real=0.02 secs] 
2016-04-15T01:57:01.329+0000: 486.152: [GC2016-04-15T01:57:01.329+0000: 486.152: [ParNew: 138379K->2452K(153344K), 0.0232370 secs] 140816K->4889K(1031552K), 0.0239010 secs] [Times: user=0.02 sys=0.00, real=0.03 secs] 
2016-04-15T01:58:09.210+0000: 554.033: [GC2016-04-15T01:58:09.211+0000: 554.033: [ParNew: 138772K->1851K(153344K), 0.0123960 secs] 141209K->4288K(1031552K), 0.0132680 secs] [Times: user=0.02 sys=0.00, real=0.02 secs] 
2016-04-15T01:59:16.976+0000: 621.799: [GC2016-04-15T01:59:16.977+0000: 621.799: [ParNew: 138171K->2009K(153344K), 0.0125930 secs] 140608K->4446K(1031552K), 0.0133090 secs] [Times: user=0.02 sys=0.00, real=0.01 secs] 
2016-04-15T02:00:24.985+0000: 689.808: [GC2016-04-15T02:00:24.985+0000: 689.808: [ParNew: 138329K->2051K(153344K), 0.0106280 secs] 140766K->4487K(1031552K), 0.0112300 secs] [Times: user=0.02 sys=0.00, real=0.01 secs] 
2016-04-15T02:01:34.310+0000: 759.132: [GC2016-04-15T02:01:34.310+0000: 759.133: [ParNew: 138371K->2065K(153344K), 0.0132830 secs] 140807K->4994K(1031552K), 0.0138970 secs] [Times: user=0.03 sys=0.00, real=0.02 secs] 
2016-04-15T02:02:43.309+0000: 828.131: [GC2016-04-15T02:02:43.309+0000: 828.132: [ParNew: 138385K->1698K(153344K), 0.0150580 secs] 141314K->4632K(1031552K), 0.0158550 secs] [Times: user=0.04 sys=0.00, real=0.02 secs] 
2016-04-15T02:03:52.389+0000: 897.211: [GC2016-04-15T02:03:52.389+0000: 897.212: [ParNew: 138018K->2240K(153344K), 0.0131600 secs] 140952K->5336K(1031552K), 0.0139740 secs] [Times: user=0.03 sys=0.00, real=0.01 secs] 
